// Jest Snapshot v1, https://goo.gl/fbAQLP

exports[`render ArticlePreview 1`] = `
<div
  className="text-left h-24 flex flex-row gap-x-2"
>
  <div
    className="w-24 shrink-0 bg-cyan-50 flex items-center justify-center"
  >
    <img
      alt="Hello world"
      className="max-h-full"
      src="https://i.imgur.com/bqgW6JXh.jpeg"
    />
  </div>
  <div
    className="flex flex-col grow gap-y-1 min-w-0"
  >
    <div
      className="flex items-center gap-x-1 text-xs"
    >
      <div
        className="flex items-center gap-x-1 shrink-0"
      >
        <img
          alt="animal"
          className="w-4 h-4 border border-gray-100 rounded inline"
          src="https://i.imgur.com/JR2xyV6s.jpg"
        />
        <span>
          animal
        </span>
      </div>
      <span
        className="text-gray-400"
      >
        •
      </span>
      <div
        className="flex items-center gap-x-1 min-w-0"
      >
        <img
          alt="人類一號"
          className="w-4 h-4 border border-gray-100 rounded-full inline"
          src="https://i.imgur.com/1yJEtrqs.jpeg"
        />
        <span
          className="truncate"
        >
          人類一號
        </span>
      </div>
      <span
        className="text-gray-400"
      >
        •
      </span>
      <span
        className="whitespace-nowrap"
      >
        8 days ago
      </span>
    </div>
    <div>
      <div
        className="w-fit text-tiny font-bold line-clamp-2 hover:text-primary-400 hover:cursor-pointer"
      >
        Hello world
      </div>
      <div
        className="text-xs text-gray-300 truncate"
      >
        Lorem ipsum dolor sit amet, consectetur adipiscing elit, sed do eiusmod tempor incididunt ut labore et dolore magna aliqua. Ut enim ad minim veniam, quis nostrud exercitation ullamco laboris nisi ut a
      </div>
    </div>
    <div
      className="text-mini flex grow items-end gap-x-4"
    >
      <span
        className="flex gap-x-1"
      >
        <svg
          data-jest-file-name="eye.svg"
          data-jest-svg-name="eye"
          data-testid="eye"
        />
        123
      </span>
      <span
        className="flex gap-x-1"
      >
        <svg
          data-jest-file-name="heart.svg"
          data-jest-svg-name="heart"
          data-testid="heart"
        />
        45
      </span>
    </div>
  </div>
</div>
`;
