// Jest Snapshot v1, https://goo.gl/fbAQLP

exports[`render Input 1`] = `
<div
  className="h-10 px-4 border border-primary-200 rounded-lg focus-within:border-primary-500 flex flex-row items-center gap-x-2 grow desktop:max-w-120 desktop:grow "
>
  <div
    className="flex flex-col grow h-full py-px"
  >
    <input
      className="grow border-none outline-none placeholder:focus:text-primary-500 h-2/4"
      onChange={[Function]}
      placeholder="搜尋 INET"
      type="text"
      value=""
    />
  </div>
</div>
`;
