// Jest Snapshot v1, https://goo.gl/fbAQLP

exports[`render Input 1`] = `
<div
  className="h-10 px-4 border border-primary-200 rounded-lg focus-within:border-primary-500 flex flex-row items-center gap-x-2 grow desktop:max-w-120 desktop:grow"
>
  <div
    className="flex flex-col grow h-full py-px justify-center relative"
  >
    <label
      className="text-left pointer-events-none transition-all absolute text-gray-300"
    >
      搜尋 INET
    </label>
    <input
      className="grow border-none outline-none placeholder:opacity-0 transition-all"
      onBlur={[Function]}
      onChange={[Function]}
      onFocus={[Function]}
      onKeyDown={[Function]}
      placeholder="搜尋 INET"
      type="text"
      value=""
    />
  </div>
  <span
    className="shrink-0 flex items-center justify-center"
    onClick={[Function]}
  >
    <svg
      className="fill-primary-200"
      data-jest-file-name="search.svg"
      data-jest-svg-name="search"
      data-testid="search"
    />
  </span>
</div>
`;
